[events-art.com/index0a25.html]
[backblue.gif]
[fade.gif]
[index.html]
[events-art.com/css/bootstrap.min.css]
[cdnjs.cloudflare.com/ajax/libs/animate.css/4.1.1/animate.min.css]
[events-art.com/css/style.css]
[events-art.com/css/swiper-bundle.min.css]
[events-art.com/image/header-image.jpg]
[events-art.com/image/vine.webp]
[events-art.com/index.html]
[events-art.com/image/date.svg]
[events-art.com/image/time.svg]
[events-art.com/image/_dsf0493_ko_lekcja_3000px_auto_1400x800.webp]
[events-art.com/image/zdj62_4_auto_1800x900.webp]
[events-art.com/image/dsc_5430-copy_1_auto_1800x900.webp]
[events-art.com/image/strona-csw403_auto_1400x800.webp]
[events-art.com/image/7_the-villa-of-the-entranced_cca-ujazdowski-castle-warsaw_1_auto_1400x800958_auto_1800x900.webp]
[events-art.com/image/2022-04-12-nie-ocenzurowano-p01-s01-s07_01_c-fot-adam-gut-2000px_3_auto_1800x900.jpg]
[events-art.com/image/adamas-tlo_auto_1800x900.jpg]
[events-art.com/image/news_1.webp]
[events-art.com/image/news_2.webp]
[events-art.com/image/news_3_1.webp]
[events-art.com/image/news_4.webp]
[events-art.com/image/news_5_2.webp]
[events-art.com/image/news_6.webp]
[events-art.com/cdn-cgi/l/email-protection]
[events-art.com/image/news_1_1.webp]
[events-art.com/image/news_2_1.webp]
[events-art.com/image/news_2_2.webp]
[events-art.com/image/news_3.webp]
[events-art.com/image/news_4_1.webp]
[events-art.com/image/news_4_2.webp]
[events-art.com/image/news_4_3.webp]
[events-art.com/image/news_4_4.webp]
[events-art.com/image/news_4_5.webp]
[events-art.com/image/news_5_1.jpg]
[events-art.com/image/news_5.jpg]
[events-art.com/image/news_6_1.webp]
[events-art.com/cdn-cgi/scripts/5c5dd728/cloudflare-static/email-decode.min.js]
[events-art.com/js/jquery.min.js]
[cdn.jsdelivr.net/npm/bootstrap@4.6.1/dist/js/bootstrap.min.js]
[cdnjs.cloudflare.com/ajax/libs/wow/0.1.12/wow.min.js]
[events-art.com/js/swiper-bundle.min.js]
[events-art.com/index0a25.html]
[events-art.com/css/bootstrap.min.css]
[cdnjs.cloudflare.com/ajax/libs/animate.css/4.1.1/animate.min.css]
[code.jivo.ru/widget/2kM6aZArwp]
[events-art.com/vine.jpg]
[events-art.com/css/style.css]
[events-art.com/css/swiper-bundle.min.css]
[events-art.com/index.html]
[events-art.com/css/style404.css]
[events-art.com/image/date.svg]
[www.w3.org/2000/svg.html]
[events-art.com/image/time.svg]
[www.w3.org/1999/xlink.html]
[events-art.com/cdn-cgi/l/email-protection.html]
[events-art.com/css/style404.css]
[www.w3.org/2000/svg.html]
[www.w3.org/StyleSheets/TR/base.css]
[www.w3.org/assets/logos/w3c/w3c-no-bars.gif]
[www.w3.org/1999/xlink.html]
[www.w3.org/StyleSheets/TR/base.css]
[events-art.com/terroir-and-traditions/index.html]
[events-art.com/collection-co–selection/index.html]
[events-art.com/snucie/index.html]
[events-art.com/art-that-saves-lives/index.html]
[events-art.com/gotong-royong/index.html]
[events-art.com/anna-konik/index.html]
[events-art.com/uncensored/index.html]
[events-art.com/jacek-adamas/index.html]
